// Jest Snapshot v1, https://jestjs.io/docs/snapshot-testing

exports[`X-ray Crawler can crawl google.com 1`] = `"text/html; charset=ISO-8859-1"`;
